MPLINK 5.08, LINKER
Linker Map File - Created Wed Feb 28 17:53:31 2024

                                 Section Info
                  Section       Type    Address   Location Size(Bytes)
                ---------  ---------  ---------  ---------  ---------
                   .org_0       code   0x000000    program   0x0000ce



                              Program Memory Usage 
                               Start         End      
                           ---------   ---------      
                            0x000000    0x0000cd      
            206 out of 33048 program addresses used, program memory utilization is 0%



                              Symbols - Sorted by Name
                     Name    Address   Location    Storage File                     
                ---------  ---------  ---------  --------- ---------                
                   Inicio   0x000000    program     static C:\Users\Tomate\Documents\DiegoUNAL\Laboratorio01.X\Laboratorio01.asm
                   punto1   0x000000    program     static C:\Users\Tomate\Documents\DiegoUNAL\Laboratorio01.X\Laboratorio01.asm
                  punto10   0x000056    program     static C:\Users\Tomate\Documents\DiegoUNAL\Laboratorio01.X\Laboratorio01.asm
                   punto2   0x00000a    program     static C:\Users\Tomate\Documents\DiegoUNAL\Laboratorio01.X\Laboratorio01.asm
                   punto3   0x000016    program     static C:\Users\Tomate\Documents\DiegoUNAL\Laboratorio01.X\Laboratorio01.asm
                   punto4   0x000020    program     static C:\Users\Tomate\Documents\DiegoUNAL\Laboratorio01.X\Laboratorio01.asm
                   punto5   0x00002c    program     static C:\Users\Tomate\Documents\DiegoUNAL\Laboratorio01.X\Laboratorio01.asm
                   punto6   0x000036    program     static C:\Users\Tomate\Documents\DiegoUNAL\Laboratorio01.X\Laboratorio01.asm
                   punto7   0x000042    program     static C:\Users\Tomate\Documents\DiegoUNAL\Laboratorio01.X\Laboratorio01.asm
                   punto8   0x000048    program     static C:\Users\Tomate\Documents\DiegoUNAL\Laboratorio01.X\Laboratorio01.asm
                   punto9   0x00004e    program     static C:\Users\Tomate\Documents\DiegoUNAL\Laboratorio01.X\Laboratorio01.asm



                              Symbols - Sorted by Address
                     Name    Address   Location    Storage File                     
                ---------  ---------  ---------  --------- ---------                
                   Inicio   0x000000    program     static C:\Users\Tomate\Documents\DiegoUNAL\Laboratorio01.X\Laboratorio01.asm
                   punto1   0x000000    program     static C:\Users\Tomate\Documents\DiegoUNAL\Laboratorio01.X\Laboratorio01.asm
                   punto2   0x00000a    program     static C:\Users\Tomate\Documents\DiegoUNAL\Laboratorio01.X\Laboratorio01.asm
                   punto3   0x000016    program     static C:\Users\Tomate\Documents\DiegoUNAL\Laboratorio01.X\Laboratorio01.asm
                   punto4   0x000020    program     static C:\Users\Tomate\Documents\DiegoUNAL\Laboratorio01.X\Laboratorio01.asm
                   punto5   0x00002c    program     static C:\Users\Tomate\Documents\DiegoUNAL\Laboratorio01.X\Laboratorio01.asm
                   punto6   0x000036    program     static C:\Users\Tomate\Documents\DiegoUNAL\Laboratorio01.X\Laboratorio01.asm
                   punto7   0x000042    program     static C:\Users\Tomate\Documents\DiegoUNAL\Laboratorio01.X\Laboratorio01.asm
                   punto8   0x000048    program     static C:\Users\Tomate\Documents\DiegoUNAL\Laboratorio01.X\Laboratorio01.asm
                   punto9   0x00004e    program     static C:\Users\Tomate\Documents\DiegoUNAL\Laboratorio01.X\Laboratorio01.asm
                  punto10   0x000056    program     static C:\Users\Tomate\Documents\DiegoUNAL\Laboratorio01.X\Laboratorio01.asm


