MPLINK 5.08, LINKER
Linker Map File - Created Fri Mar 15 15:51:53 2024

                                 Section Info
                  Section       Type    Address   Location Size(Bytes)
                ---------  ---------  ---------  ---------  ---------
                   .cinit    romdata   0x000000    program   0x000002
                    .code       code   0x000002    program   0x000016
.config_300001_BUILD/DEFAULT/PRODUCTION/LABORAT    romdata   0x300001    program   0x000001
.config_300003_BUILD/DEFAULT/PRODUCTION/LABORAT    romdata   0x300003    program   0x000001
.config_300006_BUILD/DEFAULT/PRODUCTION/LABORAT    romdata   0x300006    program   0x000001



                              Program Memory Usage 
                               Start         End      
                           ---------   ---------      
                            0x000000    0x000017      
                            0x300001    0x300001      
                            0x300003    0x300003      
                            0x300006    0x300006      
            27 out of 33048 program addresses used, program memory utilization is 0%



                              Symbols - Sorted by Name
                     Name    Address   Location    Storage File                     
                ---------  ---------  ---------  --------- ---------                
                    Ciclo   0x000008    program     static C:\Users\Tomate\Documents\DiegoUNAL\Laboratorio2.X\Laboratorio2.asm
                   Inicio   0x000000    program     static C:\Users\Tomate\Documents\DiegoUNAL\Laboratorio2.X\Laboratorio2.asm



                              Symbols - Sorted by Address
                     Name    Address   Location    Storage File                     
                ---------  ---------  ---------  --------- ---------                
                   Inicio   0x000000    program     static C:\Users\Tomate\Documents\DiegoUNAL\Laboratorio2.X\Laboratorio2.asm
                    Ciclo   0x000008    program     static C:\Users\Tomate\Documents\DiegoUNAL\Laboratorio2.X\Laboratorio2.asm


