Microchip MPLAB XC8 Compiler V2.46

Linker command line:

-W-3 --edf=/Applications/microchip/xc8/v2.46/pic/dat/20240104201356_en.msgs \
  -cn -h+dist/default/production/Lab4.X.production.sym \
  --cmf=dist/default/production/Lab4.X.production.cmf -z -Q18F4550 \
  -o/tmp/xcPMqgGCP/driver_tmp_3.obj \
  -Mdist/default/production/Lab4.X.production.map \
  --md=/tmp/xcPMqgGCP/driver_tmp_0.dat -E1 -ver=XC8 Compiler \
  -ACODE=00h-07FFFh -ACONST=00h-07FFFh -ASMALLCONST=0800h-08FFhx120 \
  -AMEDIUMCONST=0800h-07FFFh -ACOMRAM=01h-05Fh -AABS1=00h-07FFh \
  -ABIGRAM=01h-07FFh -ARAM=060h-0FFh,0100h-01FFhx7 -ABANK0=060h-0FFh \
  -ABANK1=0100h-01FFh -ABANK2=0200h-02FFh -ABANK3=0300h-03FFh \
  -ABANK4=0400h-04FFh -ABANK5=0500h-05FFh -ABANK6=0600h-06FFh \
  -ABANK7=0700h-07FFh -ASFR=0F60h-0FFFh -ABIGSFR=0F60h-0FFFh \
  -ACONFIG=0300000h-030000Dh -AIDLOC=0200000h-0200007h \
  -AEEDATA=0F00000h-0F000FFh -peeprom_data=EEDATA \
  -preset_vec=00h,intcode,sivt_hi,intcodelo,sivt_lo,powerup,init \
  -pramtop=0800h -psmallconst=SMALLCONST -pmediumconst=MEDIUMCONST \
  -pconst=CONST -AFARRAM=00h-00h \
  -prdata=COMRAM,nvrram=COMRAM,nvbit=COMRAM,rbss=COMRAM,rbit=COMRAM \
  -pfarbss=FARRAM,fardata=FARRAM,nvFARRAM=FARRAM \
  -pintsave_regs=BIGRAM,bigbss=BIGRAM,bigdata=BIGRAM -pbss=RAM \
  -pidata=CODE,irdata=CODE,ibigdata=CODE,ifardata=CODE -prparam=COMRAM \
  /tmp/xcPMqgGCP/driver_tmp_9.obj \
  dist/default/production/Lab4.X.production.obj 

Object code version is 3.11

Machine type is 18F4550



                Name                               Link     Load   Length Selector   Space Scale
/tmp/xcPMqgGCP/driver_tmp_9.obj
                idloc                            200000   200000        8        0       5
                config                           300000   300000        E        0       4
                init                                  0        0        4        0       0
dist/default/production/Lab4.X.production.obj
                idloc                            200000   200000        8        0       5
                config                           300000   300000        E        0       4
                smallconst                          800      800       20      400       0
                text17                              B2A      B2A       12      410       0
                text16                              B70      B70        8      410       0
                text15                              B68      B68        8      410       0
                text14                              B18      B18       12      410       0
                text13                              AE8      AE8       1A      410       0
                text12                              B5C      B5C        C      410       0
                text11                              B02      B02       16      410       0
                text10                              A94      A94       20      410       0
                text9                               ACE      ACE       1A      410       0
                text8                               8EE      8EE       80      410       0
                text7                               B4C      B4C       10      410       0
                text6                               820      820       CE      410       0
                text5                               B3C      B3C       10      410       0
                text4                               9D2      9D2       42      410       0
                text3                               AB4      AB4       1A      410       0
                text2                               A14      A14       3E      410       0
                text1                               A52      A52       22      410       0
                text0                               96E      96E       64      410       0
                cstackCOMRAM                          1        1        B        1       1
                dataCOMRAM                            E        E        1        1       1
                bssCOMRAM                             C        C        2        1       1
                cinit                               A74      A74       20      410       0
                idataCOMRAM                         B78      B78        1      410       0

TOTAL           Name                               Link     Load   Length     Space
        CLASS   CODE           
                init                                  0        0        4         0
                text17                              B2A      B2A       12         0
                text16                              B70      B70        8         0
                text15                              B68      B68        8         0
                text14                              B18      B18       12         0
                text13                              AE8      AE8       1A         0
                text12                              B5C      B5C        C         0
                text11                              B02      B02       16         0
                text10                              A94      A94       20         0
                text9                               ACE      ACE       1A         0
                text8                               8EE      8EE       80         0
                text7                               B4C      B4C       10         0
                text6                               820      820       CE         0
                text5                               B3C      B3C       10         0
                text4                               9D2      9D2       42         0
                text3                               AB4      AB4       1A         0
                text2                               A14      A14       3E         0
                text1                               A52      A52       22         0
                text0                               96E      96E       64         0
                cinit                               A74      A74       20         0
                idataCOMRAM                         B78      B78        1         0

        CLASS   CONST          

        CLASS   SMALLCONST     
                smallconst                          800      800       20         0

        CLASS   MEDIUMCONST    

        CLASS   COMRAM         
                cstackCOMRAM                          1        1        B         1
                dataCOMRAM                            E        E        1         1
                bssCOMRAM                             C        C        2         1

        CLASS   ABS1           

        CLASS   BIGRAM         

        CLASS   RAM            

        CLASS   BANK0          

        CLASS   BANK1          

        CLASS   BANK2          

        CLASS   BANK3          

        CLASS   BANK4          

        CLASS   BANK5          

        CLASS   BANK6          

        CLASS   BANK7          

        CLASS   SFR            

        CLASS   BIGSFR         

        CLASS   CONFIG         
                config                           300000   300000        E         4

        CLASS   IDLOC          
                idloc                            200000   200000        8         5

        CLASS   EEDATA         

        CLASS   FARRAM         

        CLASS   HEAP           

        CLASS   STACK          



SEGMENTS        Name                           Load    Length   Top    Selector   Space  Class

                reset_vec                      000000  000004  000004         0       0  CODE    
                cstackCOMRAM                   000001  00000E  00000F         1       1  COMRAM  
                text6                          000820  000359  000B79       410       0  CODE    
                smallconst                     000800  000020  000820       400       0  SMALLCON


UNUSED ADDRESS RANGES

        Name                Unused          Largest block    Delta
        BANK0            000060-0000FF               A0
        BANK1            000100-0001FF              100
        BANK2            000200-0002FF              100
        BANK3            000300-0003FF              100
        BANK4            000400-0004FF              100
        BANK5            000500-0005FF              100
        BANK6            000600-0006FF              100
        BANK7            000700-0007FF              100
        BIGRAM           00000F-0007FF              7F1
        BIGSFR           000F60-000FFF               A0
        CODE             000004-0007FF              7FC
                         000B79-007FFF             7487
        COMRAM           00000F-00005F               51
        CONST            000004-0007FF              7FC
                         000B79-007FFF             7487
        EEDATA           F00000-F000FF              100
        MEDIUMCONST      000B79-007FFF             7487
        RAM              000060-0007FF              100
        SFR              000F60-000FFF               A0
        SMALLCONST       000B79-007FFF              100

                                  Symbol Table

I2C_Master_Write@data      cstackCOMRAM 000002
IO_Expander_Write@Data     cstackCOMRAM 000003
LCD_CMD@CMD                cstackCOMRAM 000005
LCD_Init@I2C_Add           cstackCOMRAM 000007
LCD_Set_Cursor@COL         cstackCOMRAM 000006
LCD_Set_Cursor@ROW         cstackCOMRAM 000007
LCD_Write_4Bit@Nibble      cstackCOMRAM 000004
LCD_Write_Char@Data        cstackCOMRAM 000005
LCD_Write_String@Str       cstackCOMRAM 000006
LCD_Write_String@i         cstackCOMRAM 000008
_ACKSTAT                   (abs)        007E2E
_BackLight_State           dataCOMRAM   00000E
_Backlight                 text12       000B5C
_Cursor                    text5        000B3C
_I2C_Master_Init           text11       000B02
_I2C_Master_Start          text16       000B70
_I2C_Master_Stop           text15       000B68
_I2C_Master_Wait           text17       000B2A
_I2C_Master_Write          text14       000B18
_IO_Expander_Write         text13       000AE8
_LCD_CHAR_PROPIO           text8        0008EE
_LCD_CMD                   text9        000ACE
_LCD_Clear                 text7        000B4C
_LCD_Init                  text6        000820
_LCD_Set_Cursor            text4        0009D2
_LCD_Write_4Bit            text10       000A94
_LCD_Write_Char            text3        000AB4
_LCD_Write_String          text2        000A14
_PEN                       (abs)        007E2A
_RS                        bssCOMRAM    00000D
_SEN                       (abs)        007E28
_SSPADD                    (abs)        000FC8
_SSPBUF                    (abs)        000FC9
_SSPCON1                   (abs)        000FC6
_SSPCON2                   (abs)        000FC5
_SSPIF                     (abs)        007CF3
_SSPSTAT                   (abs)        000FC7
_TRISB0                    (abs)        007C98
_TRISB1                    (abs)        007C99
__HRAM                     (abs)        000000
__H__absolute__            __absolute__ 000000
__Habs1                    abs1         000000
__Hbank0                   bank0        000000
__Hbank1                   bank1        000000
__Hbank2                   bank2        000000
__Hbank3                   bank3        000000
__Hbank4                   bank4        000000
__Hbank5                   bank5        000000
__Hbank6                   bank6        000000
__Hbank7                   bank7        000000
__Hbigbss                  bigbss       000000
__Hbigdata                 bigdata      000000
__Hbigram                  bigram       000000
__Hbigsfr                  bigsfr       000000
__Hbss                     bss          000000
__HbssCOMRAM               bssCOMRAM    000000
__Hcinit                   cinit        000000
__Hclrtext                 clrtext      000000
__Hcomram                  comram       000000
__Hconfig                  config       30000E
__Hconst                   const        000000
__HcstackCOMRAM            cstackCOMRAM 000000
__Hdata                    data         000000
__HdataCOMRAM              dataCOMRAM   000000
__Heeprom_data             eeprom_data  000000
__Hfarbss                  farbss       000000
__Hfardata                 fardata      000000
__Hheap                    heap         000000
__Hibigdata                ibigdata     000000
__Hidata                   idata        000000
__HidataCOMRAM             idataCOMRAM  000000
__Hidloc                   idloc        200008
__Hifardata                ifardata     000000
__Hinit                    init         000004
__Hintcode                 intcode      000000
__Hintcode_body            intcode_body 000000
__Hintcodelo               intcodelo    000000
__Hintentry                intentry     000000
__Hintret                  intret       000000
__Hintsave_regs            intsave_regs 000000
__Hirdata                  irdata       000000
__Hmediumconst             mediumconst  000000
__HnvFARRAM                nvFARRAM     000000
__Hnvbit                   nvbit        000000
__Hnvrram                  nvrram       000000
__Hparam                   rparam       000000
__Hpowerup                 powerup      000000
__Hram                     ram          000000
__Hramtop                  ramtop       000800
__Hrbit                    rbit         000000
__Hrbss                    rbss         000000
__Hrdata                   rdata        000000
__Hreset_vec               reset_vec    000000
__Hrparam                  rparam       000000
__Hsfr                     sfr          000000
__Hsivt_hi                 sivt_hi      000000
__Hsivt_lo                 sivt_lo      000000
__Hsmallconst              smallconst   000820
__Hspace_0                 (abs)        000B79
__Hspace_1                 (abs)        00000F
__Hspace_2                 (abs)        000000
__Hspace_4                 (abs)        60000E
__Hstack                   stack        000000
__Hstruct                  struct       000000
__Htemp                    temp         000000
__Htext                    text         000000
__Htext0                   text0        000000
__Htext1                   text1        000000
__Htext10                  text10       000000
__Htext11                  text11       000000
__Htext12                  text12       000000
__Htext13                  text13       000000
__Htext14                  text14       000000
__Htext15                  text15       000000
__Htext16                  text16       000000
__Htext17                  text17       000000
__Htext2                   text2        000000
__Htext3                   text3        000000
__Htext4                   text4        000000
__Htext5                   text5        000000
__Htext6                   text6        000000
__Htext7                   text7        000000
__Htext8                   text8        000000
__Htext9                   text9        000000
__LRAM                     (abs)        000001
__L__absolute__            __absolute__ 000000
__Labs1                    abs1         000000
__Lbank0                   bank0        000000
__Lbank1                   bank1        000000
__Lbank2                   bank2        000000
__Lbank3                   bank3        000000
__Lbank4                   bank4        000000
__Lbank5                   bank5        000000
__Lbank6                   bank6        000000
__Lbank7                   bank7        000000
__Lbigbss                  bigbss       000000
__Lbigdata                 bigdata      000000
__Lbigram                  bigram       000000
__Lbigsfr                  bigsfr       000000
__Lbss                     bss          000000
__LbssCOMRAM               bssCOMRAM    000000
__Lcinit                   cinit        000000
__Lclrtext                 clrtext      000000
__Lcomram                  comram       000000
__Lconfig                  config       000000
__Lconst                   const        000000
__LcstackCOMRAM            cstackCOMRAM 000000
__Ldata                    data         000000
__LdataCOMRAM              dataCOMRAM   000000
__Leeprom_data             eeprom_data  000000
__Lfarbss                  farbss       000000
__Lfardata                 fardata      000000
__Lheap                    heap         000000
__Libigdata                ibigdata     000000
__Lidata                   idata        000000
__LidataCOMRAM             idataCOMRAM  000000
__Lidloc                   idloc        000000
__Lifardata                ifardata     000000
__Linit                    init         000000
__Lintcode                 intcode      000000
__Lintcode_body            intcode_body 000000
__Lintcodelo               intcodelo    000000
__Lintentry                intentry     000000
__Lintret                  intret       000000
__Lintsave_regs            intsave_regs 000000
__Lirdata                  irdata       000000
__Lmediumconst             mediumconst  000000
__LnvFARRAM                nvFARRAM     000000
__Lnvbit                   nvbit        000000
__Lnvrram                  nvrram       000000
__Lparam                   rparam       000000
__Lpowerup                 powerup      000000
__Lram                     ram          000000
__Lramtop                  ramtop       000800
__Lrbit                    rbit         000000
__Lrbss                    rbss         000000
__Lrdata                   rdata        000000
__Lreset_vec               reset_vec    000000
__Lrparam                  rparam       000000
__Lsfr                     sfr          000000
__Lsivt_hi                 sivt_hi      000000
__Lsivt_lo                 sivt_lo      000000
__Lsmallconst              smallconst   000800
__Lspace_0                 (abs)        000000
__Lspace_1                 (abs)        000000
__Lspace_2                 (abs)        000000
__Lspace_4                 (abs)        000000
__Lstack                   stack        000000
__Lstruct                  struct       000000
__Ltemp                    temp         000000
__Ltext                    text         000000
__Ltext0                   text0        000000
__Ltext1                   text1        000000
__Ltext10                  text10       000000
__Ltext11                  text11       000000
__Ltext12                  text12       000000
__Ltext13                  text13       000000
__Ltext14                  text14       000000
__Ltext15                  text15       000000
__Ltext16                  text16       000000
__Ltext17                  text17       000000
__Ltext2                   text2        000000
__Ltext3                   text3        000000
__Ltext4                   text4        000000
__Ltext5                   text5        000000
__Ltext6                   text6        000000
__Ltext7                   text7        000000
__Ltext8                   text8        000000
__Ltext9                   text9        000000
__S0                       (abs)        000B79
__S1                       (abs)        00000F
__S4                       (abs)        000000
__S5                       (abs)        000000
___heap_hi                 (abs)        000000
___heap_lo                 (abs)        000000
___inthi_sp                stack        000000
___inthi_stack_hi          stack        000000
___inthi_stack_lo          stack        000000
___intlo_sp                stack        000000
___intlo_stack_hi          stack        000000
___intlo_stack_lo          stack        000000
___param_bank              (abs)        000000
___rparam_used             (abs)        000001
___sp                      stack        000000
___stack_hi                stack        000000
___stack_lo                stack        000000
__accesstop                (abs)        000060
__activetblptr             (abs)        000002
__end_of_Backlight         text12       000B68
__end_of_Cursor            text5        000B4C
__end_of_I2C_Master_Init   text11       000B18
__end_of_I2C_Master_Start  text16       000B78
__end_of_I2C_Master_Stop   text15       000B70
__end_of_I2C_Master_Wait   text17       000B3C
__end_of_I2C_Master_Write  text14       000B2A
__end_of_IO_Expander_Write text13       000B02
__end_of_LCD_CHAR_PROPIO   text8        00096E
__end_of_LCD_CMD           text9        000AE8
__end_of_LCD_Clear         text7        000B5C
__end_of_LCD_Init          text6        0008EE
__end_of_LCD_Set_Cursor    text4        000A14
__end_of_LCD_Write_4Bit    text10       000AB4
__end_of_LCD_Write_Char    text3        000ACE
__end_of_LCD_Write_String  text2        000A52
__end_of__initialization   cinit        000A8A
__end_of_main              text0        0009D2
__end_of_mensaje2          text1        000A74
__initialization           cinit        000A74
__mediumconst              mediumconst  000000
__pbssCOMRAM               bssCOMRAM    00000C
__pcinit                   cinit        000A74
__pcstackCOMRAM            cstackCOMRAM 000001
__pdataCOMRAM              dataCOMRAM   00000E
__pidataCOMRAM             idataCOMRAM  000B78
__psmallconst              smallconst   000800
__ptext0                   text0        00096E
__ptext1                   text1        000A52
__ptext10                  text10       000A94
__ptext11                  text11       000B02
__ptext12                  text12       000B5C
__ptext13                  text13       000AE8
__ptext14                  text14       000B18
__ptext15                  text15       000B68
__ptext16                  text16       000B70
__ptext17                  text17       000B2A
__ptext2                   text2        000A14
__ptext3                   text3        000AB4
__ptext4                   text4        0009D2
__ptext5                   text5        000B3C
__ptext6                   text6        000820
__ptext7                   text7        000B4C
__ptext8                   text8        0008EE
__ptext9                   text9        000ACE
__ramtop                   ramtop       000800
__smallconst               smallconst   000800
_i2c_add                   bssCOMRAM    00000C
_main                      text0        00096E
_mensaje2                  text1        000A52
end_of_initialization      cinit        000A8A
intlevel0                  text         000000
intlevel1                  text         000000
intlevel2                  text         000000
intlevel3                  text         000000
isa$std                    (abs)        000001
isa$xinst                  (abs)        000000
stackhi                    (abs)        000000
stacklo                    (abs)        000000
start                      init         000000
start_initialization       cinit        000A74


MODULE INFORMATION

Module		Function		Class		Link	Load	Size
shared
		__initialization		CODE           	0A74	0000	22

shared estimated size: 22

lcd.c
		_LCD_Init      		CODE           	0820	0000	206
		_LCD_Write_4Bit		CODE           	0A94	0000	32
		_LCD_Write_Char		CODE           	0AB4	0000	26
		_LCD_CMD       		CODE           	0ACE	0000	26
		_I2C_Master_Wait		CODE           	0B2A	0000	18
		_I2C_Master_Init		CODE           	0B02	0000	22
		_I2C_Master_Stop		CODE           	0B68	0000	8
		_Cursor        		CODE           	0B3C	0000	16
		_LCD_Set_Cursor		CODE           	09D2	0000	66
		_LCD_Clear     		CODE           	0B4C	0000	16
		_IO_Expander_Write		CODE           	0AE8	0000	26
		_I2C_Master_Write		CODE           	0B18	0000	18
		_LCD_CHAR_PROPIO		CODE           	08EE	0000	128
		_Backlight     		CODE           	0B5C	0000	12
		_I2C_Master_Start		CODE           	0B70	0000	8
		_LCD_Write_String		CODE           	0A14	0000	62

lcd.c estimated size: 690

Lab4.c
		_main          		CODE           	096E	0000	100
		_mensaje2      		CODE           	0A52	0000	34

Lab4.c estimated size: 134

